[0m13:06:48.263685 [debug] [MainThread]: Sending event: {'category': 'dbt', 'action': 'invocation', 'label': 'start', 'context': [<snowplow_tracker.self_describing_json.SelfDescribingJson object at 0x000001A22B63F860>, <snowplow_tracker.self_describing_json.SelfDescribingJson object at 0x000001A22A9BB590>, <snowplow_tracker.self_describing_json.SelfDescribingJson object at 0x000001A22B347E90>]}


============================== 13:06:48.273125 | bf10e686-a58f-4b54-8a51-5096543c3823 ==============================
[0m13:06:48.273125 [info ] [MainThread]: Running with dbt=1.12.3
[0m13:06:48.278647 [debug] [MainThread]: running dbt with arguments {'maximum_seed_size_mib': '1', 'no_print': 'None', 'static_parser': 'True', 'warn_error_options': 'WarnErrorOptionsV2(error=[], warn=[], silence=[])', 'target_path': 'None', 'version_check': 'True', 'printer_width': '80', 'write_json': 'True', 'empty': 'None', 'log_cache_events': 'False', 'introspect': 'True', 'cache_selected_only': 'False', 'fail_fast': 'False', 'debug': 'False', 'log_format': 'default', 'profiles_dir': 'C:\\Users\\asus\\.dbt', 'send_anonymous_usage_stats': 'True', 'quiet': 'False', 'warn_error': 'None', 'partial_parse': 'True', 'indirect_selection': 'eager', 'hints_enabled': 'True', 'invocation_command': 'dbt debug', 'use_experimental_parser': 'False', 'use_colors': 'True', 'log_path': 'logs'}
[0m13:06:48.378745 [info ] [MainThread]: dbt version: 1.12.3
[0m13:06:48.378745 [info ] [MainThread]: python version: 3.12.10
[0m13:06:48.379747 [info ] [MainThread]: python path: C:\Users\asus\Desktop\onbalans\venv\Scripts\python.exe
[0m13:06:48.379747 [info ] [MainThread]: os info: Windows-11-10.0.26200-SP0
[0m13:06:48.820407 [info ] [MainThread]: Using profiles dir at C:\Users\asus\.dbt
[0m13:06:48.820407 [info ] [MainThread]: Using profiles.yml file at C:\Users\asus\.dbt\profiles.yml
[0m13:06:48.820407 [info ] [MainThread]: Using dbt_project.yml file at C:\Users\asus\Desktop\onbalans\dbt_project.yml
[0m13:06:48.824983 [info ] [MainThread]: adapter type: postgres
[0m13:06:48.824983 [info ] [MainThread]: adapter version: 1.11.0
[0m13:06:48.825992 [info ] [MainThread]: Configuration:
[0m13:06:48.826994 [info ] [MainThread]:   profiles.yml file [[32mOK found and valid[0m]
[0m13:06:48.828207 [info ] [MainThread]:   dbt_project.yml file [[31mERROR not found[0m]
[0m13:06:48.829216 [info ] [MainThread]: Required dependencies:
[0m13:06:48.830214 [debug] [MainThread]: Executing "git --help"
[0m13:06:48.930282 [debug] [MainThread]: STDOUT: "b"usage: git [-v | --version] [-h | --help] [-C <path>] [-c <name>=<value>]\n           [--exec-path[=<path>]] [--html-path] [--man-path] [--info-path]\n           [-p | --paginate | -P | --no-pager] [--no-replace-objects] [--no-lazy-fetch]\n           [--no-optional-locks] [--no-advice] [--bare] [--git-dir=<path>]\n           [--work-tree=<path>] [--namespace=<name>] [--config-env=<name>=<envvar>]\n           <command> [<args>]\n\nThese are common Git commands used in various situations:\n\nstart a working area (see also: git help tutorial)\n   clone      Clone a repository into a new directory\n   init       Create an empty Git repository or reinitialize an existing one\n\nwork on the current change (see also: git help everyday)\n   add        Add file contents to the index\n   mv         Move or rename a file, a directory, or a symlink\n   restore    Restore working tree files\n   rm         Remove files from the working tree and from the index\n\nexamine the history and state (see also: git help revisions)\n   bisect     Use binary search to find the commit that introduced a bug\n   diff       Show changes between commits, commit and working tree, etc\n   grep       Print lines matching a pattern\n   log        Show commit logs\n   show       Show various types of objects\n   status     Show the working tree status\n\ngrow, mark and tweak your common history\n   backfill   Download missing objects in a partial clone\n   branch     List, create, or delete branches\n   commit     Record changes to the repository\n   merge      Join two or more development histories together\n   rebase     Reapply commits on top of another base tip\n   reset      Set `HEAD` or the index to a known state\n   switch     Switch branches\n   tag        Create, list, delete or verify tags\n\ncollaborate (see also: git help workflows)\n   fetch      Download objects and refs from another repository\n   pull       Fetch from and integrate with another repository or a local branch\n   push       Update remote refs along with associated objects\n\n'git help -a' and 'git help -g' list available subcommands and some\nconcept guides. See 'git help <command>' or 'git help <concept>'\nto read about a specific subcommand or concept.\nSee 'git help git' for an overview of the system.\n""
[0m13:06:48.931834 [debug] [MainThread]: STDERR: "b''"
[0m13:06:48.933041 [info ] [MainThread]:  - git [[32mOK found[0m]

[0m13:06:48.933041 [info ] [MainThread]: Connection:
[0m13:06:48.933041 [info ] [MainThread]:   host: localhost
[0m13:06:48.935346 [info ] [MainThread]:   port: 5432
[0m13:06:48.935346 [info ] [MainThread]:   user: postgres
[0m13:06:48.936280 [info ] [MainThread]:   database: sofyrus_readmission
[0m13:06:48.936280 [info ] [MainThread]:   schema: dbt_maryam
[0m13:06:48.936280 [info ] [MainThread]:   connect_timeout: 10
[0m13:06:48.936280 [info ] [MainThread]:   role: None
[0m13:06:48.936280 [info ] [MainThread]:   search_path: None
[0m13:06:48.938520 [info ] [MainThread]:   keepalives_idle: 0
[0m13:06:48.938520 [info ] [MainThread]:   sslmode: None
[0m13:06:48.939479 [info ] [MainThread]:   sslcert: None
[0m13:06:48.939479 [info ] [MainThread]:   sslkey: None
[0m13:06:48.939479 [info ] [MainThread]:   sslrootcert: None
[0m13:06:48.939479 [info ] [MainThread]:   application_name: dbt
[0m13:06:48.941681 [info ] [MainThread]:   autocommit: False
[0m13:06:48.941681 [info ] [MainThread]:   retries: 1
[0m13:06:48.942850 [info ] [MainThread]: Registered adapter: postgres=1.11.0
[0m13:06:49.636978 [debug] [MainThread]: Acquiring new postgres connection 'debug'
[0m13:06:53.753965 [debug] [MainThread]: Using postgres connection "debug"
[0m13:06:53.753965 [debug] [MainThread]: On debug: select 1 as id
[0m13:06:53.753965 [debug] [MainThread]: Opening a new connection, currently in state init
[0m13:06:53.943359 [debug] [MainThread]: SQL status: SELECT 1 in 0.189 seconds
[0m13:06:53.945365 [debug] [MainThread]: On debug: Close
[0m13:06:53.945365 [info ] [MainThread]:   Connection test: [[32mOK connection ok[0m]

[0m13:06:53.947373 [info ] [MainThread]: [31m1 check failed:[0m
[0m13:06:53.947373 [info ] [MainThread]: Project loading failed for the following reason:
 project path <C:\Users\asus\Desktop\onbalans\dbt_project.yml> not found

[0m13:06:53.949383 [debug] [MainThread]: Command `dbt debug` failed at 13:06:53.947373 after 6.00 seconds
[0m13:06:53.949383 [debug] [MainThread]: Connection 'debug' was properly closed.
[0m13:06:53.949383 [debug] [MainThread]: Sending event: {'category': 'dbt', 'action': 'invocation', 'label': 'end', 'context': [<snowplow_tracker.self_describing_json.SelfDescribingJson object at 0x000001A22BB358E0>, <snowplow_tracker.self_describing_json.SelfDescribingJson object at 0x000001A22D1A11C0>, <snowplow_tracker.self_describing_json.SelfDescribingJson object at 0x000001A22D1A28A0>]}
[0m13:06:53.949383 [debug] [MainThread]: Flushing usage events
[0m13:06:55.235961 [debug] [MainThread]: An error was encountered while trying to flush usage events
[0m13:12:13.741419 [debug] [MainThread]: Sending event: {'category': 'dbt', 'action': 'invocation', 'label': 'start', 'context': [<snowplow_tracker.self_describing_json.SelfDescribingJson object at 0x000001B4A84D6060>, <snowplow_tracker.self_describing_json.SelfDescribingJson object at 0x000001B4AAD74740>, <snowplow_tracker.self_describing_json.SelfDescribingJson object at 0x000001B4AAA8DFA0>]}


============================== 13:12:13.749950 | a93c32dc-5253-4681-af5f-d7f2afa118da ==============================
[0m13:12:13.749950 [info ] [MainThread]: Running with dbt=1.12.3
[0m13:12:13.751699 [debug] [MainThread]: running dbt with arguments {'static_parser': 'True', 'no_print': 'None', 'version_check': 'True', 'target_path': 'None', 'warn_error_options': 'WarnErrorOptionsV2(error=[], warn=[], silence=[])', 'maximum_seed_size_mib': '1', 'printer_width': '80', 'write_json': 'True', 'empty': 'False', 'log_cache_events': 'False', 'introspect': 'True', 'cache_selected_only': 'False', 'log_format': 'default', 'debug': 'False', 'fail_fast': 'False', 'partial_parse': 'True', 'send_anonymous_usage_stats': 'True', 'quiet': 'False', 'warn_error': 'None', 'profiles_dir': 'C:\\Users\\asus\\.dbt', 'use_colors': 'True', 'hints_enabled': 'True', 'invocation_command': 'dbt run', 'use_experimental_parser': 'False', 'indirect_selection': 'eager', 'log_path': 'logs'}
[0m13:12:13.751699 [error] [MainThread]: [[31mERROR[0m]: Encountered an error:
Runtime Error
  No dbt_project.yml found at expected path C:\Users\asus\Desktop\onbalans\dbt_project.yml
  Verify that each entry within packages.yml (and their transitive dependencies) contains a file named dbt_project.yml
  
[0m13:12:13.754649 [debug] [MainThread]: Command `dbt run` failed at 13:12:13.754649 after 0.40 seconds
[0m13:12:13.755925 [debug] [MainThread]: Sending event: {'category': 'dbt', 'action': 'invocation', 'label': 'end', 'context': [<snowplow_tracker.self_describing_json.SelfDescribingJson object at 0x000001B4A7BC14F0>, <snowplow_tracker.self_describing_json.SelfDescribingJson object at 0x000001B4AAA8DFA0>, <snowplow_tracker.self_describing_json.SelfDescribingJson object at 0x000001B4ACE4A090>]}
[0m13:12:13.755925 [debug] [MainThread]: Flushing usage events
[0m13:12:15.115246 [debug] [MainThread]: An error was encountered while trying to flush usage events
