2026-09-07T05:27:17.385Z INFO     ingest_entsoe Fetching 1 days(s): 2026-09-08 to 2026-09-08
2026-09-07T05:28:41.201Z INFO     ingest_entsoe Fetching 1 day(s): 2026-09-08 to 2026-09-08
2026-09-07T05:28:45.626Z ERROR    ingest_entsoe 2026-09-08 got 400: <?xml version="1.0" encoding="UTF-8"?>
<Acknowledgement_MarketDocument
	xmlns="urn:iec62325.351:tc57wg16:451-1:acknowledgementdocument:7:0">
	<mRID>0da10b17-93e3-4</mRID>
	<createdDateTime>2026-09-07T05:28:45Z</createdDateTime>
	<sender_MarketParticipant.mRID codingScheme="A01">10X1001A1001A450</sen
2026-09-07T05:29:57.247Z INFO     ingest_entsoe Fetching 1 day(s): 2026-09-08 to 2026-09-08
2026-09-07T05:30:01.266Z WARNING  ingest_entsoe 2026-09-08 returned 200 but no price data (not yet published, or no data for this day)
2026-09-07T05:32:45.391Z INFO     ingest_entsoe Fetching 19 day(s): 2026-08-20 to 2026-09-07
2026-09-07T05:32:50.587Z INFO     ingest_entsoe 2026-08-20 fetched (14903 bytes) from https://web-api.tp.entsoe.eu/api?securityToken=REDACTED&documentType=A44&in_Domain=10YNL----------L&out_Domain=10YNL----------L&periodStart=202608192200&periodEnd=202608202200
2026-09-07T05:32:50.602Z INFO     ingest_entsoe 2026-08-20 written to data\raw_entsoe\date=2026-08-20\day_ahead_2026-08-20.xml
2026-09-07T05:32:59.045Z INFO     ingest_entsoe 2026-08-21 fetched (14929 bytes) from https://web-api.tp.entsoe.eu/api?securityToken=REDACTED&documentType=A44&in_Domain=10YNL----------L&out_Domain=10YNL----------L&periodStart=202608202200&periodEnd=202608212200
2026-09-07T05:32:59.048Z INFO     ingest_entsoe 2026-08-21 written to data\raw_entsoe\date=2026-08-21\day_ahead_2026-08-21.xml
2026-09-07T05:33:06.985Z INFO     ingest_entsoe 2026-08-22 fetched (13920 bytes) from https://web-api.tp.entsoe.eu/api?securityToken=REDACTED&documentType=A44&in_Domain=10YNL----------L&out_Domain=10YNL----------L&periodStart=202608212200&periodEnd=202608222200
2026-09-07T05:33:06.996Z INFO     ingest_entsoe 2026-08-22 written to data\raw_entsoe\date=2026-08-22\day_ahead_2026-08-22.xml
2026-09-07T05:33:14.050Z INFO     ingest_entsoe 2026-08-23 fetched (14748 bytes) from https://web-api.tp.entsoe.eu/api?securityToken=REDACTED&documentType=A44&in_Domain=10YNL----------L&out_Domain=10YNL----------L&periodStart=202608222200&periodEnd=202608232200
2026-09-07T05:33:14.060Z INFO     ingest_entsoe 2026-08-23 written to data\raw_entsoe\date=2026-08-23\day_ahead_2026-08-23.xml
2026-09-07T05:33:15.322Z INFO     ingest_entsoe 2026-08-24 fetched (14914 bytes) from https://web-api.tp.entsoe.eu/api?securityToken=REDACTED&documentType=A44&in_Domain=10YNL----------L&out_Domain=10YNL----------L&periodStart=202608232200&periodEnd=202608242200
2026-09-07T05:33:15.329Z INFO     ingest_entsoe 2026-08-24 written to data\raw_entsoe\date=2026-08-24\day_ahead_2026-08-24.xml
2026-09-07T05:33:22.424Z INFO     ingest_entsoe 2026-08-25 fetched (14475 bytes) from https://web-api.tp.entsoe.eu/api?securityToken=REDACTED&documentType=A44&in_Domain=10YNL----------L&out_Domain=10YNL----------L&periodStart=202608242200&periodEnd=202608252200
2026-09-07T05:33:22.427Z INFO     ingest_entsoe 2026-08-25 written to data\raw_entsoe\date=2026-08-25\day_ahead_2026-08-25.xml
2026-09-07T05:33:28.744Z INFO     ingest_entsoe 2026-08-26 fetched (14910 bytes) from https://web-api.tp.entsoe.eu/api?securityToken=REDACTED&documentType=A44&in_Domain=10YNL----------L&out_Domain=10YNL----------L&periodStart=202608252200&periodEnd=202608262200
2026-09-07T05:33:28.746Z INFO     ingest_entsoe 2026-08-26 written to data\raw_entsoe\date=2026-08-26\day_ahead_2026-08-26.xml
2026-09-07T05:33:35.147Z INFO     ingest_entsoe 2026-08-27 fetched (14608 bytes) from https://web-api.tp.entsoe.eu/api?securityToken=REDACTED&documentType=A44&in_Domain=10YNL----------L&out_Domain=10YNL----------L&periodStart=202608262200&periodEnd=202608272200
2026-09-07T05:33:35.151Z INFO     ingest_entsoe 2026-08-27 written to data\raw_entsoe\date=2026-08-27\day_ahead_2026-08-27.xml
2026-09-07T05:33:40.880Z INFO     ingest_entsoe 2026-08-28 fetched (14937 bytes) from https://web-api.tp.entsoe.eu/api?securityToken=REDACTED&documentType=A44&in_Domain=10YNL----------L&out_Domain=10YNL----------L&periodStart=202608272200&periodEnd=202608282200
2026-09-07T05:33:40.884Z INFO     ingest_entsoe 2026-08-28 written to data\raw_entsoe\date=2026-08-28\day_ahead_2026-08-28.xml
2026-09-07T05:33:46.070Z INFO     ingest_entsoe 2026-08-29 fetched (14868 bytes) from https://web-api.tp.entsoe.eu/api?securityToken=REDACTED&documentType=A44&in_Domain=10YNL----------L&out_Domain=10YNL----------L&periodStart=202608282200&periodEnd=202608292200
2026-09-07T05:33:46.086Z INFO     ingest_entsoe 2026-08-29 written to data\raw_entsoe\date=2026-08-29\day_ahead_2026-08-29.xml
2026-09-07T05:33:51.630Z INFO     ingest_entsoe 2026-08-30 fetched (14583 bytes) from https://web-api.tp.entsoe.eu/api?securityToken=REDACTED&documentType=A44&in_Domain=10YNL----------L&out_Domain=10YNL----------L&periodStart=202608292200&periodEnd=202608302200
2026-09-07T05:33:51.630Z INFO     ingest_entsoe 2026-08-30 written to data\raw_entsoe\date=2026-08-30\day_ahead_2026-08-30.xml
2026-09-07T05:33:57.748Z INFO     ingest_entsoe 2026-08-31 fetched (14336 bytes) from https://web-api.tp.entsoe.eu/api?securityToken=REDACTED&documentType=A44&in_Domain=10YNL----------L&out_Domain=10YNL----------L&periodStart=202608302200&periodEnd=202608312200
2026-09-07T05:33:57.753Z INFO     ingest_entsoe 2026-08-31 written to data\raw_entsoe\date=2026-08-31\day_ahead_2026-08-31.xml
2026-09-07T05:34:04.047Z INFO     ingest_entsoe 2026-09-01 fetched (14912 bytes) from https://web-api.tp.entsoe.eu/api?securityToken=REDACTED&documentType=A44&in_Domain=10YNL----------L&out_Domain=10YNL----------L&periodStart=202608312200&periodEnd=202609012200
2026-09-07T05:34:04.049Z INFO     ingest_entsoe 2026-09-01 written to data\raw_entsoe\date=2026-09-01\day_ahead_2026-09-01.xml
2026-09-07T05:34:09.671Z INFO     ingest_entsoe 2026-09-02 fetched (14916 bytes) from https://web-api.tp.entsoe.eu/api?securityToken=REDACTED&documentType=A44&in_Domain=10YNL----------L&out_Domain=10YNL----------L&periodStart=202609012200&periodEnd=202609022200
2026-09-07T05:34:09.675Z INFO     ingest_entsoe 2026-09-02 written to data\raw_entsoe\date=2026-09-02\day_ahead_2026-09-02.xml
2026-09-07T05:34:14.866Z INFO     ingest_entsoe 2026-09-03 fetched (14767 bytes) from https://web-api.tp.entsoe.eu/api?securityToken=REDACTED&documentType=A44&in_Domain=10YNL----------L&out_Domain=10YNL----------L&periodStart=202609022200&periodEnd=202609032200
2026-09-07T05:34:14.876Z INFO     ingest_entsoe 2026-09-03 written to data\raw_entsoe\date=2026-09-03\day_ahead_2026-09-03.xml
2026-09-07T05:34:20.514Z INFO     ingest_entsoe 2026-09-04 fetched (14746 bytes) from https://web-api.tp.entsoe.eu/api?securityToken=REDACTED&documentType=A44&in_Domain=10YNL----------L&out_Domain=10YNL----------L&periodStart=202609032200&periodEnd=202609042200
2026-09-07T05:34:20.520Z INFO     ingest_entsoe 2026-09-04 written to data\raw_entsoe\date=2026-09-04\day_ahead_2026-09-04.xml
2026-09-07T05:34:25.084Z INFO     ingest_entsoe 2026-09-05 fetched (14438 bytes) from https://web-api.tp.entsoe.eu/api?securityToken=REDACTED&documentType=A44&in_Domain=10YNL----------L&out_Domain=10YNL----------L&periodStart=202609042200&periodEnd=202609052200
2026-09-07T05:34:25.089Z INFO     ingest_entsoe 2026-09-05 written to data\raw_entsoe\date=2026-09-05\day_ahead_2026-09-05.xml
2026-09-07T05:34:30.088Z INFO     ingest_entsoe 2026-09-06 fetched (14317 bytes) from https://web-api.tp.entsoe.eu/api?securityToken=REDACTED&documentType=A44&in_Domain=10YNL----------L&out_Domain=10YNL----------L&periodStart=202609052200&periodEnd=202609062200
2026-09-07T05:34:30.091Z INFO     ingest_entsoe 2026-09-06 written to data\raw_entsoe\date=2026-09-06\day_ahead_2026-09-06.xml
2026-09-07T05:34:35.367Z INFO     ingest_entsoe 2026-09-07 fetched (14760 bytes) from https://web-api.tp.entsoe.eu/api?securityToken=REDACTED&documentType=A44&in_Domain=10YNL----------L&out_Domain=10YNL----------L&periodStart=202609062200&periodEnd=202609072200
2026-09-07T05:34:35.368Z INFO     ingest_entsoe 2026-09-07 written to data\raw_entsoe\date=2026-09-07\day_ahead_2026-09-07.xml
2026-09-09T14:44:29.189Z INFO     ingest_entsoe Fetching 19 day(s): 2026-08-20 to 2026-09-07
2026-09-09T14:44:29.199Z INFO     ingest_entsoe 2026-08-20 already in bronze, skipping
2026-09-09T14:44:29.199Z INFO     ingest_entsoe 2026-08-21 already in bronze, skipping
2026-09-09T14:44:29.201Z INFO     ingest_entsoe 2026-08-22 already in bronze, skipping
2026-09-09T14:44:29.201Z INFO     ingest_entsoe 2026-08-23 already in bronze, skipping
2026-09-09T14:44:29.201Z INFO     ingest_entsoe 2026-08-24 already in bronze, skipping
2026-09-09T14:44:29.201Z INFO     ingest_entsoe 2026-08-25 already in bronze, skipping
2026-09-09T14:44:29.201Z INFO     ingest_entsoe 2026-08-26 already in bronze, skipping
2026-09-09T14:44:29.205Z INFO     ingest_entsoe 2026-08-27 already in bronze, skipping
2026-09-09T14:44:29.206Z INFO     ingest_entsoe 2026-08-28 already in bronze, skipping
2026-09-09T14:44:29.206Z INFO     ingest_entsoe 2026-08-29 already in bronze, skipping
2026-09-09T14:44:29.206Z INFO     ingest_entsoe 2026-08-30 already in bronze, skipping
2026-09-09T14:44:29.206Z INFO     ingest_entsoe 2026-08-31 already in bronze, skipping
2026-09-09T14:44:29.206Z INFO     ingest_entsoe 2026-09-01 already in bronze, skipping
2026-09-09T14:44:29.206Z INFO     ingest_entsoe 2026-09-02 already in bronze, skipping
2026-09-09T14:44:29.206Z INFO     ingest_entsoe 2026-09-03 already in bronze, skipping
2026-09-09T14:44:29.209Z INFO     ingest_entsoe 2026-09-04 already in bronze, skipping
2026-09-09T14:44:29.209Z INFO     ingest_entsoe 2026-09-05 already in bronze, skipping
2026-09-09T14:44:29.210Z INFO     ingest_entsoe 2026-09-06 already in bronze, skipping
2026-09-09T14:44:29.210Z INFO     ingest_entsoe 2026-09-07 already in bronze, skipping
2026-09-09T14:45:49.565Z INFO     ingest_entsoe Fetching 2 day(s): 2026-09-08 to 2026-09-09
2026-09-09T14:46:50.950Z WARNING  ingest_entsoe 2026-09-08 attempt 1/3 failed: HTTPSConnectionPool(host='web-api.tp.entsoe.eu', port=443): Read timed out. (read timeout=60)
2026-09-09T14:47:56.531Z WARNING  ingest_entsoe 2026-09-08 attempt 2/3 failed: HTTPSConnectionPool(host='web-api.tp.entsoe.eu', port=443): Read timed out. (read timeout=60)
2026-09-09T14:49:07.149Z WARNING  ingest_entsoe 2026-09-08 attempt 3/3 failed: HTTPSConnectionPool(host='web-api.tp.entsoe.eu', port=443): Read timed out. (read timeout=60)
2026-09-09T14:49:51.032Z INFO     ingest_entsoe 2026-09-09 fetched (14907 bytes) from https://web-api.tp.entsoe.eu/api?securityToken=REDACTED&documentType=A44&in_Domain=10YNL----------L&out_Domain=10YNL----------L&periodStart=202609082200&periodEnd=202609092200
2026-09-09T14:49:51.042Z INFO     ingest_entsoe 2026-09-09 written to data\raw_entsoe\date=2026-09-09\day_ahead_2026-09-09.xml
2026-09-09T15:18:30.242Z INFO     ingest_entsoe Fetching 1 day(s): 2026-09-08 to 2026-09-08
2026-09-09T15:19:29.370Z INFO     ingest_entsoe 2026-09-08 fetched (14926 bytes) from https://web-api.tp.entsoe.eu/api?securityToken=REDACTED&documentType=A44&in_Domain=10YNL----------L&out_Domain=10YNL----------L&periodStart=202609072200&periodEnd=202609082200
2026-09-09T15:19:29.382Z INFO     ingest_entsoe 2026-09-08 written to data\raw_entsoe\date=2026-09-08\day_ahead_2026-09-08.xml
2026-09-16T04:59:47.453Z INFO     ingest_entsoe Fetching 8 day(s): 2026-09-08 to 2026-09-15
2026-09-16T04:59:47.453Z INFO     ingest_entsoe 2026-09-08 already in bronze, skipping
2026-09-16T04:59:47.453Z INFO     ingest_entsoe 2026-09-09 already in bronze, skipping
2026-09-16T04:59:48.848Z INFO     ingest_entsoe 2026-09-10 fetched (14929 bytes) from https://web-api.tp.entsoe.eu/api?securityToken=REDACTED&documentType=A44&in_Domain=10YNL----------L&out_Domain=10YNL----------L&periodStart=202609092200&periodEnd=202609102200
2026-09-16T04:59:48.853Z INFO     ingest_entsoe 2026-09-10 written to data\raw_entsoe\date=2026-09-10\day_ahead_2026-09-10.xml
2026-09-16T04:59:50.507Z INFO     ingest_entsoe 2026-09-11 fetched (14927 bytes) from https://web-api.tp.entsoe.eu/api?securityToken=REDACTED&documentType=A44&in_Domain=10YNL----------L&out_Domain=10YNL----------L&periodStart=202609102200&periodEnd=202609112200
2026-09-16T04:59:50.507Z INFO     ingest_entsoe 2026-09-11 written to data\raw_entsoe\date=2026-09-11\day_ahead_2026-09-11.xml
2026-09-16T04:59:51.775Z INFO     ingest_entsoe 2026-09-12 fetched (14464 bytes) from https://web-api.tp.entsoe.eu/api?securityToken=REDACTED&documentType=A44&in_Domain=10YNL----------L&out_Domain=10YNL----------L&periodStart=202609112200&periodEnd=202609122200
2026-09-16T04:59:51.777Z INFO     ingest_entsoe 2026-09-12 written to data\raw_entsoe\date=2026-09-12\day_ahead_2026-09-12.xml
2026-09-16T04:59:53.058Z WARNING  ingest_entsoe 2026-09-13 returned 200 but no price data (not yet published, or no data for this day)
2026-09-16T04:59:54.472Z INFO     ingest_entsoe 2026-09-14 fetched (14918 bytes) from https://web-api.tp.entsoe.eu/api?securityToken=REDACTED&documentType=A44&in_Domain=10YNL----------L&out_Domain=10YNL----------L&periodStart=202609132200&periodEnd=202609142200
2026-09-16T04:59:54.478Z INFO     ingest_entsoe 2026-09-14 written to data\raw_entsoe\date=2026-09-14\day_ahead_2026-09-14.xml
2026-09-16T04:59:55.740Z INFO     ingest_entsoe 2026-09-15 fetched (14894 bytes) from https://web-api.tp.entsoe.eu/api?securityToken=REDACTED&documentType=A44&in_Domain=10YNL----------L&out_Domain=10YNL----------L&periodStart=202609142200&periodEnd=202609152200
2026-09-16T04:59:55.743Z INFO     ingest_entsoe 2026-09-15 written to data\raw_entsoe\date=2026-09-15\day_ahead_2026-09-15.xml
2026-09-16T05:00:58.689Z INFO     ingest_entsoe Fetching 1 day(s): 2026-09-13 to 2026-09-13
2026-09-16T05:01:05.815Z WARNING  ingest_entsoe 2026-09-13 returned 200 but no price data (not yet published, or no data for this day)
